     1                                  section .data
     2 00000000 506C6561736520656E-     	msg db 'Please enter a number: '
     2 00000009 7465722061206E756D-
     2 00000012 6265723A20         
     3                                  	lenMsg equ $-msg
     4 00000017 596F7520656E746572-     	displayMsg db 'You entered: '
     4 00000020 65643A20           
     5                                  	lenDisplayMsg equ $-displayMsg
     6 00000024 486F77206D616E7920-     	enterNumMsg db 'How many digits: '
     6 0000002D 6469676974733A20   
     7                                  	lenEnterNumMsg equ $-enterNumMsg
     8                                  
     9                                  
    10                                  section .bss
    11 00000000 ??????                  	numEnter resb 3
    12                                  	num equ numEnter
    13                                  
    14                                  section .text
    15                                  	global _start
    16                                  
    17                                  _start:
    18 00000000 BA11000000              	mov edx,lenEnterNumMsg
    19 00000005 B9[24000000]            	mov ecx,enterNumMsg
    20 0000000A BB01000000              	mov ebx,1
    21 0000000F B804000000              	mov eax,4
    22 00000014 CD80                    	int 80h
    23                                  
    24 00000016 BA03000000              	mov edx,3
    25 0000001B B9[00000000]            	mov ecx,numEnter
    26 00000020 BB01000000              	mov ebx,1
    27 00000025 B803000000              	mov eax,3
    28 0000002A CD80                    	int 80h
    29                                  
    30 0000002C B804000000              	mov eax,4
    31 00000031 CD80                    	int 80h
    32                                  
    33 00000033 BA17000000              	mov edx,lenMsg
    34 00000038 B9[00000000]            	mov ecx,msg
    35 0000003D BB01000000              	mov ebx,1
    36 00000042 B804000000              	mov eax,4
    37 00000047 CD80                    	int 80h
    38                                  
    39 00000049 BA[00000000]            	mov edx,numEnter
    40 0000004E B9[00000000]            	mov ecx,num
    41 00000053 BB01000000              	mov ebx,1
    42 00000058 B803000000              	mov eax,3
    43 0000005D CD80                    	int 80h
    44                                  
    45 0000005F BA0D000000              	mov edx,lenDisplayMsg
    46 00000064 B9[17000000]            	mov ecx,displayMsg
    47 00000069 BB01000000              	mov ebx,1
    48 0000006E B804000000              	mov eax,4
    49 00000073 CD80                    	int 80h
    50                                  
    51 00000075 BA[00000000]            	mov edx,numEnter
    52 0000007A B9[00000000]            	mov ecx,num
    53 0000007F BB01000000              	mov ebx,1
    54 00000084 B804000000              	mov eax,4
    55 00000089 CD80                    	int 80h
    56                                  
    57 0000008B BB01000000              	mov ebx,1
    58 00000090 B801000000              	mov eax,1
    59 00000095 CD80                    	int 80h
    60                                  
